---
source: src/tests/log.rs
expression: ctx.redact_buffer()
---
▌3a96174 main Merge feature                                                     |
 bb4e653 add main-work                                                          |
 f4ac1b1 feature add feature1                                                   |
 b66a0bf origin/main add initial-file                                           |
                                                                                |
                                                                                |
                                                                                |
                                                                                |
                                                                                |
                                                                                |
                                                                                |
                                                                                |
                                                                                |
                                                                                |
                                                                                |
                                                                                |
                                                                                |
                                                                                |
                                                                                |
                                                                                |
styles_hash: b3d3a2170df78783
